MPLINK 4.37, Linker
Linker Map File - Created Tue Dec 13 13:26:02 2016

                                 Section Info
                  Section       Type    Address   Location Size(Bytes)
                ---------  ---------  ---------  ---------  ---------
                   .org_0       code   0x000000    program   0x000004
                   .cinit    romdata   0x000004    program   0x000002
                   .org_1       code   0x000008    program   0x00004a
    .config_01FFF8_MAIN.O    romdata   0x01fff8    program   0x000001
    .config_01FFFA_MAIN.O    romdata   0x01fffa    program   0x000001



                              Program Memory Usage 
                               Start         End      
                           ---------   ---------      
                            0x000000    0x000005      
                            0x000008    0x000051      
                            0x01fff8    0x01fff8      
                            0x01fffa    0x01fffa      
            82 out of 131072 program addresses used, program memory utilization is 0%



                              Symbols - Sorted by Name
                     Name    Address   Location    Storage File                     
                ---------  ---------  ---------  --------- ---------                
                    BUCLE   0x00001c    program     static D:\MPLABProyects\Practicas_curso_basico\6_IntExt\main.asm
                   INICIO   0x00000c    program     static D:\MPLABProyects\Practicas_curso_basico\6_IntExt\main.asm
                      ISR   0x000020    program     static D:\MPLABProyects\Practicas_curso_basico\6_IntExt\main.asm
                RETARDO1s   0x000032    program     static D:\MPLABProyects\Practicas_curso_basico\6_IntExt\main.asm
                    Ret1s   0x00003e    program     static D:\MPLABProyects\Practicas_curso_basico\6_IntExt\main.asm



                              Symbols - Sorted by Address
                     Name    Address   Location    Storage File                     
                ---------  ---------  ---------  --------- ---------                
                   INICIO   0x00000c    program     static D:\MPLABProyects\Practicas_curso_basico\6_IntExt\main.asm
                    BUCLE   0x00001c    program     static D:\MPLABProyects\Practicas_curso_basico\6_IntExt\main.asm
                      ISR   0x000020    program     static D:\MPLABProyects\Practicas_curso_basico\6_IntExt\main.asm
                RETARDO1s   0x000032    program     static D:\MPLABProyects\Practicas_curso_basico\6_IntExt\main.asm
                    Ret1s   0x00003e    program     static D:\MPLABProyects\Practicas_curso_basico\6_IntExt\main.asm


